eeschema (2013-07-07 BZR 4022)-stable  >> Creation date: 14/04/2015 03:38:52 p.m.
#Cmp ( order = Reference )
| +1         C8051F352   
| 0,1micF1   C8          
| 0,1micF2   C9          
| 0,1micF3   C12         
| 0,1micF4   C10         
| 0,1micF5   C11         
| C1         0,1micF     
| C2         0,1micF     
| C3         0,1micF     
| C4         0,1micF     
| C5         0,1micF     
| C6         0,1micF     
| C7         0,1micF     
| C8         0,1micF     
| C9         0,1micF     
| C10        3,1micF     
| C11        1micF       
| C12        0,1micF     
| C13        0,1micF     
| C14        0,1micF     
| C15        0,1micF     
| C16        15uF        
| C17        C           
| C18        10uF        
| C19        C           
| J1         JACK_2P     
| JP1        JUMPER      
| JP2        JUMPER      
| JP3        JUMPER      
| JP4        JUMPER      
| JP7        JUMPER      
| JP8        JUMPER      
| JP9        JUMPER3     
| Prueba1    LED         
| PWR1       LED         
| R1         100ohm      
| R2         100ohm      
| R3         100ohm      
| R4         100ohm      
| R5         100ohm      
| R6         100ohm      
| R7         100ohm      
| R8         100ohm      
| R9         470         
| R10        2.0         
| R11        2.0         
| R12        2.0         
| R13        470         
| U1         MAX232_TID  
| U2         LM2937      
| U3         MAX874      
#End Cmp

#Componentes ( orden = Valor )
| 10uF         C18       
| 15uF         C16       
| 0,1micF      C1        
| 0,1micF      C2        
| 0,1micF      C3        
| 0,1micF      C4        
| 0,1micF      C5        
| 0,1micF      C6        
| 0,1micF      C7        
| 0,1micF      C8        
| 0,1micF      C9        
| 0,1micF      C12       
| 0,1micF      C13       
| 0,1micF      C14       
| 0,1micF      C15       
| 1micF        C11       
| 3,1micF      C10       
| C            C17       
| C            C19       
| JACK_2P      J1        
| JUMPER       JP1       
| JUMPER       JP2       
| JUMPER       JP3       
| JUMPER       JP4       
| JUMPER       JP7       
| JUMPER       JP8       
| JUMPER3      JP9       
| LED          Prueba1   
| LED          PWR1      
| 2.0          R10       
| 2.0          R11       
| 2.0          R12       
| 470          R9        
| 470          R13       
| 100ohm       R1        
| 100ohm       R2        
| 100ohm       R3        
| 100ohm       R4        
| 100ohm       R5        
| 100ohm       R6        
| 100ohm       R7        
| 100ohm       R8        
| MAX232_TID   U1        
| LM2937       U2        
| C8051F352    +1        
| MAX874       U3        
| C11          0,1micF5  
| C10          0,1micF4  
| C12          0,1micF3  
| C9           0,1micF2  
| C8           0,1micF1  
#Fin Componentes

#Fin de Lista
