C51 COMPILER V9.53.0.0   CONFIGURADOR                                                      04/28/2015 16:46:39 PAGE 1   


C51 COMPILER V9.53.0.0, COMPILATION OF MODULE CONFIGURADOR
OBJECT MODULE PLACED IN configurador.OBJ
COMPILER INVOKED BY: C:\Keil\C51\BIN\C51.exe configurador.c DB OE BR INCDIR(C:\SiLabs\MCU\Inc)

line level    source

   1          /** Este archivo actua con la memoria flash y guarda las opciones configuracion
   2           * cada vez que hubo una configuracionnueva. Tambien saca las configuraciones de la
   3           * memoria y las carga en el programa en cada inicio del dispositivo.
   4           *  Tambien configura los registros de las interrupciones
   5          **/
   6          
   7          #include "headers.h"
   8          #include "configurador.h"
   9          
  10          
  11          void iniciar_puertos (void)
  12          {
  13   1         P0MDOUT |= 0x10;                    // Enable UTX as push-pull output
  14   1         XBR0     = 0x01;                    // Enable UART on P0.4(TX) and P0.5(RX)                     
  15   1         XBR1     = 0x40;                    // Enable crossbar and weak pull-ups
  16   1      }
  17          
  18          void iniciar_sysclock (void)
  19          {
  20   1         OSCICN |= 0x03;                     // Configure internal oscillator for
  21   1                                             // its maximum frequency
  22   1         RSTSRC  = 0x04;                     // Enable missing clock detector
  23   1      }
  24          
  25          
  26          int iniciar_ADC(void)
  27          {
  28   1              
  29   1              return 0;
  30   1      }
  31          
  32          int iniciar_interrupciones(void)
  33          {
  34   1              
  35   1              return 0;
  36   1      }
  37          
  38          int iniciar_FLASH(void)
  39          {
  40   1              
  41   1              return 0;
  42   1      }
  43          
  44          int iniciar_UART(void)
  45          {
  46   1      
  47   1              SCON0 = 0x10;                       // SCON0: 8-bit variable bit rate
  48   1                                                 //        level of STOP bit is ignored
  49   1                                                 //        RX enabled
  50   1                                                 //        ninth bits are zeros
  51   1                                                 //        clear RI0 and TI0 bits
  52   1              if (SYSCLK/BAUDRATE/2/256 < 1) 
  53   1              {
  54   2                      TH1 = -(SYSCLK/BAUDRATE/2);
  55   2                      CKCON &= ~0x0B;                  // T1M = 1; SCA1:0 = xx
C51 COMPILER V9.53.0.0   CONFIGURADOR                                                      04/28/2015 16:46:39 PAGE 2   

  56   2                      CKCON |=  0x08;
  57   2              } 
  58   1              else if (SYSCLK/BAUDRATE/2/256 < 4) 
  59   1              {
  60   2                      TH1 = -(SYSCLK/BAUDRATE/2/4);
  61   2                      CKCON &= ~0x0B;                  // T1M = 0; SCA1:0 = 01                  
  62   2                      CKCON |=  0x01;
  63   2              } 
  64   1              else if (SYSCLK/BAUDRATE/2/256 < 12) 
  65   1              {
  66   2                      TH1 = -(SYSCLK/BAUDRATE/2/12);
  67   2                      CKCON &= ~0x0B;                  // T1M = 0; SCA1:0 = 00
  68   2              } 
  69   1              else 
  70   1              {
  71   2                      TH1 = -(SYSCLK/BAUDRATE/2/48);
  72   2                      CKCON &= ~0x0B;                  // T1M = 0; SCA1:0 = 10
  73   2                      CKCON |=  0x02;
  74   2              }
  75   1      
  76   1              TL1 = TH1;                          // Init Timer1
  77   1              TMOD &= ~0xf0;                      // TMOD: timer 1 in 8-bit autoreload
  78   1              TMOD |=  0x20;                       
  79   1              TR1 = 1;                            // START Timer1
  80   1              TI0 = 1;                            // Indicate TX0 ready
  81   1      
  82   1              return 0;
  83   1      }
  84          
  85          int cargar_configuracionFlash(void)
  86          {
  87   1              return 0;
  88   1      }
  89          
  90          int guardar_configuracionFlash(void)
  91          {
  92   1              return 0;
  93   1      }
*** WARNING C294 IN LINE 54 OF configurador.c: unreachable code
*** WARNING C294 IN LINE 60 OF configurador.c: unreachable code
*** WARNING C294 IN LINE 71 OF configurador.c: unreachable code


MODULE INFORMATION:   STATIC OVERLAYABLE
   CODE SIZE        =     63    ----
   CONSTANT SIZE    =   ----    ----
   XDATA SIZE       =   ----    ----
   PDATA SIZE       =   ----    ----
   DATA SIZE        =   ----    ----
   IDATA SIZE       =   ----    ----
   BIT SIZE         =   ----    ----
END OF MODULE INFORMATION.


C51 COMPILATION COMPLETE.  3 WARNING(S),  0 ERROR(S)
