C51 COMPILER V9.53.0.0   IMPRESIONES                                                       05/12/2015 17:58:44 PAGE 1   


C51 COMPILER V9.53.0.0, COMPILATION OF MODULE IMPRESIONES
OBJECT MODULE PLACED IN impresiones.OBJ
COMPILER INVOKED BY: C:\Keil\C51\BIN\C51.exe impresiones.c DB OE BR INCDIR(C:\SiLabs\MCU\Inc)

line level    source

   1          #include "headers.h"
   2          #include "impresiones.h"
   3          
   4          
   5          ///MENU DE CONFIGURACION
   6          void imprimir_menu(void)
   7          {
   8   1              printf("\n Menú de configuracion\n");
   9   1              printf("1. Configuración de ADC\n");
  10   1              printf("2. Modos de transmision de datos\n");
  11   1              printf("3. Tipo de comunicacion serial\n");
  12   1              printf("4. Guardar la configuracion\n");
  13   1              printf("5. Salir e iniciar\n");
  14   1      }
  15          
  16          ///CONFIGURACION DEL ADC
  17          
  18          void imprimir_conf_ADC(void)
  19          {
  20   1              printf("\n1. Configurar pins en modo single-ended\n");
  21   1              printf("2. Configurar pins en modo diferencial\n");
  22   1              printf("3. Configurar ganancia\n");
  23   1              printf("4. Volver al menu anterior\n");
  24   1      }
  25          
  26          void imprimir_conf_modo_single_ended(void)
  27          {
  28   1              printf("\nIngresar los numeros de los pines separados por la tecla 'enter'\n");
  29   1              printf("Al terminar, ingrese la tecla 'r'\n");
  30   1      }
  31          
  32          void imprimir_conf_modo_diferencial(void)
  33          {
  34   1              printf("\nIngresar, de a dos, los pares de los pines desados, separando los grupos con la tecla 'enter'\n
             -");
  35   1              printf("Al terminar, ingrese la tecla 'r'\n");
  36   1      }
  37          
  38          ///CONFIGURACION DE MODOS DE TRANSMISION DE DATOS
  39          
  40          void imprimir_conf_modos(void)
  41          {
  42   1              printf("\n1. Por peticion de dispositivo externo\n");
  43   1              printf("2. Flujo constante\n");
  44   1              printf("3. Por vencimiento de temporarizador\n");
  45   1              printf("4. Volver al menu anterior\n");
  46   1      }
  47          
  48          void imprimir_conf_tipoSerial(void)
  49          {
  50   1              printf("\n1. RS232\n");
  51   1              printf("2. I2C (no implementado)\n");   
  52   1      }
  53          
  54          void imprimir_conf_ganancia(void)
C51 COMPILER V9.53.0.0   IMPRESIONES                                                       05/12/2015 17:58:44 PAGE 2   

  55          {
  56   1              printf("\n");
  57   1              printf("Colocar la ganancia que se quiere aplicar,\n");
  58   1              printf("los valores admitidos son: \n");
  59   1              printf("1)x1  2)x2  3)x4  4)x8  5)x16  6)x32  7)x64  8)x128 .\n");
  60   1      }


MODULE INFORMATION:   STATIC OVERLAYABLE
   CODE SIZE        =    216    ----
   CONSTANT SIZE    =    765    ----
   XDATA SIZE       =   ----    ----
   PDATA SIZE       =   ----    ----
   DATA SIZE        =   ----    ----
   IDATA SIZE       =   ----    ----
   BIT SIZE         =   ----    ----
END OF MODULE INFORMATION.


C51 COMPILATION COMPLETE.  0 WARNING(S),  0 ERROR(S)
