C51 COMPILER V9.53.0.0   INTERRUPCIONES                                                    05/07/2015 14:52:49 PAGE 1   


C51 COMPILER V9.53.0.0, COMPILATION OF MODULE INTERRUPCIONES
OBJECT MODULE PLACED IN interrupciones.OBJ
COMPILER INVOKED BY: C:\Keil\C51\BIN\C51.exe interrupciones.c DB OE BR INCDIR(C:\SiLabs\MCU\Inc)

line level    source

   1          /**
   2           * @file interrupciones.c
   3           * @author Sambataro, Ignacio; Mantovani, Luciano
   4           * @date 2015
   5           * @brief define todas las rutinas de interrupcion
   6           * @details [long description]
   7           */
   8          #include "headers.h"
   9          #include "interrupciones.h"
  10          
  11          
  12          void ADC0_ISR (void) interrupt 10
  13          {
  14   1         printf("hola, acabo de convertir\n");
  15   1         while(!AD0INT);                     // Wait till conversion complete
  16   1         AD0INT = 0;                         // Clear ADC0 conversion complete flag
  17   1         f_dato_convertido = true;
  18   1      }


MODULE INFORMATION:   STATIC OVERLAYABLE
   CODE SIZE        =     73    ----
   CONSTANT SIZE    =     26    ----
   XDATA SIZE       =   ----    ----
   PDATA SIZE       =   ----    ----
   DATA SIZE        =   ----    ----
   IDATA SIZE       =   ----    ----
   BIT SIZE         =   ----    ----
END OF MODULE INFORMATION.


C51 COMPILATION COMPLETE.  0 WARNING(S),  0 ERROR(S)
