C51 COMPILER V9.53.0.0   MAIN                                                              04/28/2015 14:24:07 PAGE 1   


C51 COMPILER V9.53.0.0, COMPILATION OF MODULE MAIN
OBJECT MODULE PLACED IN main.OBJ
COMPILER INVOKED BY: C:\Keil\C51\BIN\C51.exe main.c DB OE BR INCDIR(C:\SiLabs\MCU\Inc)

line level    source

   1          /**
   2           * @file main.c
   3           * @author Sambataro, Ignacio; Mantovani, Luciano
   4           * @date Año 2015
   5           * @brief [brief description]
   6           * @details [long description]
   7           */
   8          #include "headers.h"
   9          #include "interfaz.h"
  10          #include "configurador.h"
  11           
  12          
  13          void main(void)
  14          {
  15   1              iniciar_UART();
  16   1              imprimir_menu();
  17   1      }


MODULE INFORMATION:   STATIC OVERLAYABLE
   CODE SIZE        =      6    ----
   CONSTANT SIZE    =   ----    ----
   XDATA SIZE       =   ----    ----
   PDATA SIZE       =   ----    ----
   DATA SIZE        =   ----    ----
   IDATA SIZE       =   ----    ----
   BIT SIZE         =   ----    ----
END OF MODULE INFORMATION.


C51 COMPILATION COMPLETE.  0 WARNING(S),  0 ERROR(S)
